// Jest Snapshot v1, https://goo.gl/fbAQLP

exports[`Dashboard Component matches snapshot 1`] = `
<DocumentFragment>
  <div
    class="container mx-auto px-4 py-8 min-h-screen"
    data-testid="dashboard-container"
  >
    <div
      class="space-y-4"
    >
      <div
        data-testid="get-active-markets"
      >
        Mocked Active Markets
      </div>
    </div>
  </div>
</DocumentFragment>
`;
